{
  "version": "1.5.0",
  "plugins_used": [
    {
      "name": "ArtifactoryDetector"
    },
    {
      "name": "AWSKeyDetector"
    },
    {
      "name": "AzureStorageKeyDetector"
    },
    {
      "name": "Base64HighEntropyString",
      "limit": 4.5
    },
    {
      "name": "BasicAuthDetector"
    },
    {
      "name": "CloudantDetector"
    },
    {
      "name": "DiscordBotTokenDetector"
    },
    {
      "name": "GitHubTokenDetector"
    },
    {
      "name": "GitLabTokenDetector"
    },
    {
      "name": "HexHighEntropyString",
      "limit": 3.0
    },
    {
      "name": "IbmCloudIamDetector"
    },
    {
      "name": "IbmCosHmacDetector"
    },
    {
      "name": "IPPublicDetector"
    },
    {
      "name": "JwtTokenDetector"
    },
    {
      "name": "KeywordDetector",
      "keyword_exclude": ""
    },
    {
      "name": "MailchimpDetector"
    },
    {
      "name": "NpmDetector"
    },
    {
      "name": "OpenAIDetector"
    },
    {
      "name": "PrivateKeyDetector"
    },
    {
      "name": "PypiTokenDetector"
    },
    {
      "name": "SendGridDetector"
    },
    {
      "name": "SlackDetector"
    },
    {
      "name": "SoftlayerDetector"
    },
    {
      "name": "SquareOAuthDetector"
    },
    {
      "name": "StripeDetector"
    },
    {
      "name": "TelegramBotTokenDetector"
    },
    {
      "name": "TwilioKeyDetector"
    }
  ],
  "filters_used": [
    {
      "path": "detect_secrets.filters.allowlist.is_line_allowlisted"
    },
    {
      "path": "detect_secrets.filters.common.is_baseline_file",
      "filename": ".secrets.baseline"
    },
    {
      "path": "detect_secrets.filters.common.is_ignored_due_to_verification_policies",
      "min_level": 2
    },
    {
      "path": "detect_secrets.filters.heuristic.is_indirect_reference"
    },
    {
      "path": "detect_secrets.filters.heuristic.is_likely_id_string"
    },
    {
      "path": "detect_secrets.filters.heuristic.is_lock_file"
    },
    {
      "path": "detect_secrets.filters.heuristic.is_not_alphanumeric_string"
    },
    {
      "path": "detect_secrets.filters.heuristic.is_potential_uuid"
    },
    {
      "path": "detect_secrets.filters.heuristic.is_prefixed_with_dollar_sign"
    },
    {
      "path": "detect_secrets.filters.heuristic.is_sequential_string"
    },
    {
      "path": "detect_secrets.filters.heuristic.is_swagger_file"
    },
    {
      "path": "detect_secrets.filters.heuristic.is_templated_secret"
    },
    {
      "path": "detect_secrets.filters.regex.should_exclude_file",
      "pattern": [
        "uv\\.lock|docs/archive/PLAN\\.md|\\.venv/.*"
      ]
    }
  ],
  "results": {
    "tests/fixtures/uk/ch_filing_history.json": [
      {
        "type": "Base64 High Entropy String",
        "filename": "tests/fixtures/uk/ch_filing_history.json",
        "hashed_secret": "09621f7317611e18c25e70d32bbcd884e5567be2",
        "is_verified": false,
        "line_number": 16
      },
      {
        "type": "Base64 High Entropy String",
        "filename": "tests/fixtures/uk/ch_filing_history.json",
        "hashed_secret": "8e9c19dd68466040639f4c9be374025c4b502055",
        "is_verified": false,
        "line_number": 29
      },
      {
        "type": "Base64 High Entropy String",
        "filename": "tests/fixtures/uk/ch_filing_history.json",
        "hashed_secret": "1c0484eabc6442bd4996d6c7e8d4bb398d75020a",
        "is_verified": false,
        "line_number": 40
      },
      {
        "type": "Base64 High Entropy String",
        "filename": "tests/fixtures/uk/ch_filing_history.json",
        "hashed_secret": "56501c8f93425102602886acae3ae7eefd7e8fe7",
        "is_verified": false,
        "line_number": 50
      }
    ],
    "tests/test_hashing.py": [
      {
        "type": "Hex High Entropy String",
        "filename": "tests/test_hashing.py",
        "hashed_secret": "aabc6baa2329644dd4c24ce57ddde468ff64ce8e",
        "is_verified": false,
        "line_number": 101
      }
    ]
  },
  "generated_at": "2026-07-30T15:50:05Z"
}
